// Jest Snapshot v1, https://goo.gl/fbAQLP

exports[`Plate should render correctly 1`] = `
<div
  className="white"
>
  XX00 XXX
</div>
`;
